// Jest Snapshot v1, https://goo.gl/fbAQLP

exports[`LedgerService parses empty file 1`] = `Array []`;

exports[`LedgerService parses file with one transaction 1`] = `
Array [
  Object {
    "header": Object {
      "date": 1484265600,
      "tag": "!",
      "tags": Array [
        "TAG0",
      ],
      "title": "Transaction",
    },
    "postings": Array [
      Object {
        "account": "CompteA:Sous compte",
        "amount": "41.3",
        "comment": "Commentaire",
        "currency": "€",
        "tag": null,
        "tags": Array [
          "TAG 1",
          "TAG 2",
        ],
      },
      Object {
        "account": "CompteA:Autre compte",
        "amount": "11.3",
        "comment": "Commentaire",
        "currency": "€",
        "tag": null,
        "tags": Array [
          "TAG 3",
        ],
      },
      Object {
        "account": "CompteB",
        "amount": undefined,
        "comment": null,
        "currency": null,
        "tag": "*",
        "tags": Array [],
      },
    ],
    "uuid": undefined,
  },
]
`;

exports[`LedgerService saves transactions 1`] = `
"2013/02/08 Transaction title
    ! accountA    € 3.14 ; Comment
    accountB

"
`;
